// Vitest Snapshot v1, https://vitest.dev/guide/snapshot.html

exports[`<Film /> > should match snapshot 1`] = `
<div
  className="bg-slate-800 text-slate-100 p-1 rounded-lg shadow-md w-full mb-3 md:w-1/4 md:mb-0"
>
  <div
    className="m-2 uppercase text-center"
  >
    <svg
      className="inline-block mr-1 text-2xl"
      fill="currentColor"
      height="1em"
      stroke="currentColor"
      strokeWidth="0"
      style={
        {
          "color": undefined,
        }
      }
      viewBox="0 0 24 24"
      width="1em"
      xmlns="http://www.w3.org/2000/svg"
    >
      <path
        d="M0 0h24v24H0V0z"
        fill="none"
      />
      <path
        d="M14 5v14h-4V5h4m6-2h-2v2h-2V3H8v2H6V3H4v18h2v-2h2v2h8v-2h2v2h2V3zm-4 6V7h2v2h-2zM6 9V7h2v2H6zm10 4v-2h2v2h-2zM6 13v-2h2v2H6zm10 4v-2h2v2h-2zM6 17v-2h2v2H6z"
      />
    </svg>
    <span
      className="font-bold"
    >
      A New Hope
    </span>
  </div>
  <div
    className="m-2"
  >
    Director: 
    <span
      className="font-bold"
    >
      George Lucas
    </span>
  </div>
  <div
    className="m-2"
  >
    Producer: 
    <span
      className="font-bold"
    >
      Gary Kurtz, Rick McCallum
    </span>
  </div>
</div>
`;
